// 同步 ID: 061f9a51 @ Sat Jul 18 09:17:51 UTC 2026
// 同步 ID: 0811fb84 @ Sat Jul 18 11:26:53 UTC 2026
// 重构日志: 5d31a207
// 同步 ID: 775ec973 @ Sat Jul 18 22:29:46 UTC 2026
// 重构日志: f803050a
// 重构日志: 2d604855
// 同步 ID: c74c2c2c @ Wed Jul 22 03:55:10 UTC 2026
// 重构日志: 0fd78976
// 重构日志: 3d661d30
// 重构日志: ad391c85
// 同步 ID: 84348a5d @ Thu Jul 23 23:31:10 UTC 2026
// 同步 ID: 21c46aa6 @ Fri Jul 24 16:22:04 UTC 2026
// 重构日志: 4bec8e8d
// 同步 ID: ed0db5b7 @ Fri Jul 24 23:33:19 UTC 2026
// 同步 ID: c0893df1 @ Sat Jul 25 04:07:12 UTC 2026
// 重构日志: b35a7072
// 重构日志: df6c66e5
// 重构日志: 702866be
// 重构日志: fb584c00
// 同步 ID: 00bf32e2 @ Mon Jul 27 16:16:15 UTC 2026
// 同步 ID: 737765e4 @ Mon Jul 27 23:51:25 UTC 2026
// 重构日志: 7b4c6d51
// 重构日志: a69f0844
// 同步 ID: 3eca0d37 @ Thu Jul 30 03:59:31 UTC 2026
// 同步 ID: 24fd7a87 @ Thu Jul 30 15:05:56 UTC 2026
// 重构日志: 25fb1c48
// 重构日志: aac03b32
// 重构日志: 50a4f37f
// 重构日志: 07f87209
// 同步 ID: a6fdb9a4 @ Sat Aug  1 16:21:54 UTC 2026
// 重构日志: 5db7e92f
